// Jest Snapshot v1, https://goo.gl/fbAQLP

exports[`InfinityContent should handle custom styles 1`] = `
<div>
  <div
    class="css-104ua2j"
  >
    <div
      title="@content"
    >
      Content
    </div>
    <div
      class="css-1r0rfp"
    />
  </div>
</div>
`;

exports[`InfinityContent should handle custom styles:  <div>
        <div
    +     aria-label="container"
          class="css-104ua2j"
        >
          <div
            title="@content"
          >
            Content
          </div>
          <div
    +       aria-label="flag"
            class="css-1r0rfp"
          />
        </div>
      </div> 1`] = `
<div>
  <div
    aria-label="container"
    class="css-104ua2j"
  >
    <div
      title="@content"
    >
      Content
    </div>
    <div
      aria-label="flag"
      class="css-1r0rfp"
    />
  </div>
</div>
`;
